namespace Shop.Contracts; [1-1]
public interface IRepository<T> where T : class [3-14]
  T? Find(int id); [5-5]
  void Save(T item); [7-7]
  int Count [9-9]
  event EventHandler Saved; [11-11]
  T this[int index] [13-13]
public abstract class Base [16-21]
  protected abstract void Run(CancellationToken token); [18-18]
  public abstract string Name [20-20]
