namespace Shop.Orders [4-49]
  [Serializable] public sealed class Cart : IDisposable [7-46]
    private readonly List<int> _items = []; [10-10]
    public event EventHandler? Changed; [12-12]
    public int Count [14-14]
    public int Total [16-19]
    public int Doubled [21-21]
    public Cart(int capacity) : base() [23-26]
    public void Add<T>(T item) where T : notnull [28-35]
    public static Cart operator +(Cart a, Cart b) [37-37]
    public int this[int index] [39-39]
    public void Dispose() [41-41]
    private enum State [43-43]
    public delegate void Handler(int x); [45-45]
  public record Line(string Sku, int Quantity); [48-48]
