declare module "shop" [1-10]
  export interface Cart [2-6]
    readonly id: string [3-3]
    add(item: Item, count?: number): void [4-4]
    total(): number [5-5]
  export function open(id: string): Cart; [7-7]
  export const version: string; [8-8]
  export type Item = { sku: string }; [9-9]
declare function helper(x: number): string; [12-12]
declare class Legacy [14-18]
  constructor(name: string) [15-15]
  run(): Promise<void> [16-16]
  static create(): Legacy [17-17]
