namespace App\Billing; [3-3]
final class InvoiceService extends BaseService implements Billable [7-26]
  public const TAX = 0.2; [11-11]
  private array $cache = []; [13-13]
  public function __construct(private Repository $repo) [15-18]
  public function total(Invoice $invoice): float [20-23]
  protected static function round(float $amount): float [25-25]
enum Status: string [28-36]
  case Paid = 'paid'; [30-30]
  public function label(): string [32-35]
function helper(int $x): int [38-41]
