LIMIT = 10 [4-4]
@dataclass(frozen=True) class Point: [7-20]
  x: int [9-9]
  y: int = 0 [10-10]
  def distance(self, other: "Point") -> float: [12-13]
  @property def norm(self) -> float: [15-17]
  async def fetch(self, url: str) -> bytes: [19-20]
def top(a, b=1, *args, **kwargs) -> int: [23-25]
class Empty: [28-28]
