pub struct Point [4-7]
  pub x: i32 [5-5]
  y: i32 [6-6]
pub enum Shape [9-12]
pub trait Area [14-19]
  fn area(&self) -> f64; [15-15]
  fn describe(&self) -> String [16-18]
impl fmt::Display for Point [21-25]
  fn fmt(&self, f: &mut fmt::Formatter) -> fmt::Result [22-24]
impl<T: Clone> Wrapper<T> [27-31]
  pub fn new(value: T) -> Self [28-30]
pub mod geometry [33-37]
  pub fn distance(a: &Point, b: &Point) -> f64 [34-36]
pub const LIMIT: usize = 10; [39-39]
static NAME: &str = "shape"; [40-40]
pub type Result<T> = std::result::Result<T, Error>; [41-41]
macro_rules! square [43-45]
pub async fn fetch(url: &str) -> Result<String> [47-49]
