export interface Options [3-6]
  retries: number [4-4]
  onDone(result: string): void [5-5]
export type Mode = "fast" | "slow"; [8-8]
export enum Level [10-10]
export abstract class Loader<T> implements Options [12-32]
  retries = 3 [13-13]
  private readonly cache = new Map<string, T>() [14-14]
  constructor(private readonly root: string) [16-18]
  get size(): number [20-22]
  async load(path: string): Promise<T> [24-27]
  onDone(result: string): void [29-29]
  abstract parse(text: string): T [31-31]
export function createLoader(root: string): Loader<string> [34-36]
export const double = (n: number): number => [38-38]
const handler = async (event: Event) => [40-42]
export default async function* stream(): AsyncGenerator<string> [44-46]
namespace Internal [48-52]
  export function helper(): void [49-51]
